main.c:99:6:HAL_UART_TxCpltCallback	16	static
main.c:105:6:HAL_UART_RxCpltCallback	16	static
main.c:112:6:logMsg	120	static
main.c:131:6:logGetMsg	24	static
main.c:150:6:FMC_IRQn_Init	24	static
main.c:162:6:FMC_IRQ_CpltCallback	8	static
main.c:169:6:myDelay1	16	static
main.c:185:6:myDelay2	16	static
main.c:203:6:HAL_TIM_PeriodElapsedCallback	16	static
main.c:213:6:HAL_RTC_AlarmAEventCallback	16	static
main.c:225:5:main	64	static
main.c:421:6:SystemClock_Config	96	static
main.c:480:13:MX_IWDG_Init	8	static
main.c:509:13:MX_RTC_Init	80	static
main.c:593:13:MX_TIM2_Init	40	static
main.c:638:13:MX_TIM3_Init	40	static
main.c:683:13:MX_USART1_UART_Init	8	static
main.c:718:13:MX_GPIO_Init	56	static
main.c:951:6:Error_Handler	4	static,ignoring_inline_asm
