main.c:106:6:HAL_UART_TxCpltCallback	16	static
main.c:112:6:HAL_UART_RxCpltCallback	16	static
main.c:119:6:logMsg	120	static
main.c:137:6:logGetMsg	24	static
main.c:156:6:FMC_IRQn_Init	24	static
main.c:168:6:FMC_IRQ_CpltCallback	8	static
main.c:175:6:myDelay1	16	static
main.c:194:6:myDelay2	16	static
main.c:213:6:HAL_TIM_PeriodElapsedCallback	16	static
main.c:228:5:main	64	static
main.c:411:6:SystemClock_Config	96	static
main.c:468:13:MX_DFSDM1_Init	8	static
main.c:506:13:MX_I2C2_Init	8	static
main.c:552:13:MX_QUADSPI_Init	8	static
main.c:585:13:MX_SPI3_Init	8	static
main.c:625:13:MX_TIM2_Init	40	static
main.c:670:13:MX_TIM3_Init	40	static
main.c:715:13:MX_USART1_UART_Init	8	static
main.c:750:13:MX_USART3_UART_Init	8	static
main.c:785:13:MX_USB_OTG_FS_PCD_Init	8	static
main.c:820:13:MX_GPIO_Init	56	static
main.c:1003:6:Error_Handler	4	static,ignoring_inline_asm
