main.c:87:6:logMsg	120	static
main.c:95:6:logGetMsg	24	static
main.c:109:5:main	16	static
main.c:222:6:SystemClock_Config	232	static
main.c:299:13:MX_DFSDM1_Init	8	static
main.c:337:13:MX_I2C2_Init	8	static
main.c:383:13:MX_QUADSPI_Init	8	static
main.c:416:13:MX_SPI3_Init	8	static
main.c:456:13:MX_USART1_UART_Init	8	static
main.c:491:13:MX_USART3_UART_Init	8	static
main.c:526:13:MX_USB_OTG_FS_PCD_Init	8	static
main.c:561:13:MX_GPIO_Init	48	static
main.c:751:6:Error_Handler	4	static,ignoring_inline_asm
