main.c:91:6:HAL_UART_TxCpltCallback	16	static
main.c:97:6:HAL_UART_RxCpltCallback	16	static
main.c:104:6:logMsg	120	static
main.c:121:6:logGetMsg	24	static
main.c:145:5:main	8	static
main.c:207:6:SystemClock_Config	232	static
main.c:284:13:MX_DFSDM1_Init	8	static
main.c:322:13:MX_I2C2_Init	8	static
main.c:368:13:MX_QUADSPI_Init	8	static
main.c:401:13:MX_SPI3_Init	8	static
main.c:441:13:MX_USART1_UART_Init	8	static
main.c:476:13:MX_USART3_UART_Init	8	static
main.c:511:13:MX_USB_OTG_FS_PCD_Init	8	static
main.c:546:13:MX_GPIO_Init	48	static
main.c:736:6:Error_Handler	4	static,ignoring_inline_asm
