main.c:90:6:HAL_UART_TxCpltCallback	16	static
main.c:96:6:HAL_UART_RxCpltCallback	16	static
main.c:103:6:logMsg	120	static
main.c:120:6:logGetMsg	24	static
main.c:138:6:HAL_GPIO_EXTI_Callback	24	static
main.c:154:10:numOnes	16	static
main.c:194:6:myDisableAllIntr	4	static,ignoring_inline_asm
main.c:210:5:main	80	static
main.c:384:6:SystemClock_Config	232	static
main.c:461:13:MX_DFSDM1_Init	8	static
main.c:499:13:MX_I2C2_Init	8	static
main.c:545:13:MX_QUADSPI_Init	8	static
main.c:578:13:MX_SPI3_Init	8	static
main.c:618:13:MX_USART1_UART_Init	8	static
main.c:653:13:MX_USART3_UART_Init	8	static
main.c:688:13:MX_USB_OTG_FS_PCD_Init	8	static
main.c:723:13:MX_GPIO_Init	48	static
main.c:907:6:Error_Handler	4	static,ignoring_inline_asm
